/home/masarat/alx-backend-python/Django-Middleware-0x03/chats/urls.py changed, reloading.
/home/masarat/alx-backend-python/Django-Middleware-0x03/chats/urls.py changed, reloading.
2025-06-08 12:14:55.916634 - User: Anonymous - Path: /
Not Found: /
2025-06-08 12:14:56.032070 - User: Anonymous - Path: /favicon.ico
Not Found: /favicon.ico
2025-06-08 12:15:05.706041 - User: Anonymous - Path: /admin
2025-06-08 12:15:05.720174 - User: Anonymous - Path: /admin/
2025-06-08 12:15:05.737721 - User: Anonymous - Path: /admin/login/
2025-06-08 12:15:11.688936 - User: Anonymous - Path: /admin/login/
2025-06-08 12:15:17.429076 - User: Anonymous - Path: /
Not Found: /
2025-06-08 12:15:23.634125 - User: Anonymous - Path: /api
2025-06-08 12:15:23.647800 - User: Anonymous - Path: /api/
Unauthorized: /api/
2025-06-08 12:15:31.324049 - User: Anonymous - Path: /api/
Unauthorized: /api/
2025-06-08 12:17:37.343209 - User: Anonymous - Path: /api/
Unauthorized: /api/
2025-06-08 12:17:46.280958 - User: Anonymous - Path: /
Not Found: /
2025-06-08 12:17:57.229325 - User: Anonymous - Path: /api/
Unauthorized: /api/
